layer at (0,0) size 800x600
  RenderView at (0,0) size 800x600
layer at (0,0) size 800x600
  RenderBlock {HTML} at (0,0) size 800x600
    RenderBody {BODY} at (8,8) size 784x584
      RenderBlock {P} at (0,0) size 784x19
        RenderText {#text} at (0,0) size 178x19
          text run at (0,0) width 178: "Test controls placement."
      RenderBlock (anonymous) at (0,35) size 784x153
        RenderMedia {AUDIO} at (0,0) size 200x48 [bgcolor=#0000FF]
        RenderBR {BR} at (200,48) size 0x0
        RenderBR {BR} at (0,48) size 0x19
        RenderMedia {AUDIO} at (0,67) size 320x48 [bgcolor=#0000FF]
        RenderBR {BR} at (320,115) size 0x0
        RenderBR {BR} at (0,115) size 0x19
        RenderBR {BR} at (0,134) size 0x19
layer at (8,43) size 200x48
  RenderBlock (relative positioned) {DIV} at (0,0) size 200x48
layer at (8,43) size 200x48
  RenderFlexibleBox (positioned) {DIV} at (0,0) size 200x48
    RenderButton {INPUT} at (0,0) size 48x48
    RenderFlexibleBox {DIV} at (48,0) size 152x48
      RenderSlider {INPUT} at (0,0) size 152x48
        RenderBlock {DIV} at (0,8) size 32x32
layer at (8,110) size 320x48
  RenderBlock (relative positioned) {DIV} at (0,0) size 320x48
layer at (8,110) size 320x48
  RenderFlexibleBox (positioned) {DIV} at (0,0) size 320x48
    RenderButton {INPUT} at (0,0) size 48x48
    RenderFlexibleBox {DIV} at (48,0) size 272x48
      RenderSlider {INPUT} at (0,0) size 272x48
        RenderBlock {DIV} at (0,8) size 32x32
layer at (8,177) size 320x100
  RenderMedia {AUDIO} at (8,177) size 320x100 [bgcolor=#0000FF]
layer at (8,177) size 320x100
  RenderBlock (relative positioned) {DIV} at (0,0) size 320x100
layer at (8,229) size 320x48
  RenderFlexibleBox (positioned) {DIV} at (0,52) size 320x48
    RenderButton {INPUT} at (0,0) size 48x48
    RenderFlexibleBox {DIV} at (48,0) size 272x48
      RenderSlider {INPUT} at (0,0) size 272x48
        RenderBlock {DIV} at (0,8) size 32x32
