layer at (0,0) size 800x600
  RenderView at (0,0) size 800x600
layer at (0,0) size 800x600
  RenderBlock {HTML} at (0,0) size 800x600
    RenderBody {BODY} at (8,8) size 784x584
      RenderBlock {P} at (0,0) size 784x38
        RenderText {#text} at (0,0) size 734x38
          text run at (0,0) width 697: "This tests that in a html document with inline audio content, the media element repaints correctly "
          text run at (696,0) width 38: "while"
          text run at (0,19) width 57: "playing."
      RenderBlock (anonymous) at (0,54) size 784x223
        RenderMedia {AUDIO} at (0,0) size 200x48
        RenderBR {BR} at (200,48) size 0x0
        RenderBR {BR} at (200,121) size 0x0
        RenderBR {BR} at (200,223) size 0x0
layer at (8,110) size 200x48
  RenderMedia {AUDIO} at (0,48) size 200x48
layer at (8,110) size 200x48
  RenderBlock (relative positioned) {DIV} at (0,0) size 200x48
layer at (8,110) size 200x48
  RenderFlexibleBox (positioned) {DIV} at (0,0) size 200x48
    RenderButton {INPUT} at (0,0) size 48x48
    RenderFlexibleBox {DIV} at (48,0) size 152x48
      RenderSlider {INPUT} at (0,0) size 152x48
        RenderBlock {DIV} at (60,8) size 32x32
layer at (8,62) size 200x48
  RenderBlock (relative positioned) {DIV} at (0,0) size 200x48
layer at (8,62) size 200x48
  RenderFlexibleBox (positioned) {DIV} at (0,0) size 200x48
    RenderButton {INPUT} at (0,0) size 48x48
    RenderFlexibleBox {DIV} at (48,0) size 152x48
      RenderSlider {INPUT} at (0,0) size 152x48
        RenderBlock {DIV} at (60,8) size 32x32
layer at (8,210) size 200x48
  RenderMedia {AUDIO} at (0,148) size 200x48
layer at (8,210) size 200x48
  RenderBlock (relative positioned) {DIV} at (0,0) size 200x48
layer at (8,210) size 200x48
  RenderFlexibleBox (positioned) {DIV} at (0,0) size 200x48
    RenderButton {INPUT} at (0,0) size 48x48
    RenderFlexibleBox {DIV} at (48,0) size 152x48
      RenderSlider {INPUT} at (0,0) size 152x48
        RenderBlock {DIV} at (60,8) size 32x32
