layer at (0,0) size 800x600
  RenderView at (0,0) size 800x600
layer at (0,0) size 800x600
  RenderBlock {HTML} at (0,0) size 800x600
    RenderBody {BODY} at (8,8) size 784x584
      RenderBlock {P} at (0,0) size 784x19
        RenderText {#text} at (0,0) size 310x19
          text run at (0,0) width 310: "The look of the controls should not change."
      RenderBlock {DIV} at (0,35) size 784x240 [color=#0000FF]
        RenderText {#text} at (0,0) size 0x0
      RenderBlock (anonymous) at (0,275) size 784x240
        RenderText {#text} at (0,0) size 0x0
layer at (18,43) size 320x240
  RenderVideo {VIDEO} at (10,0) size 320x240
layer at (8,283) size 320x240
  RenderVideo {VIDEO} at (0,0) size 320x240
layer at (18,43) size 320x240
  RenderBlock (relative positioned) {DIV} at (0,0) size 320x240
layer at (18,235) size 320x48
  RenderFlexibleBox (positioned) {DIV} at (0,192) size 320x48
    RenderButton {INPUT} at (0,0) size 48x48
    RenderFlexibleBox {DIV} at (48,0) size 224x48
      RenderSlider {INPUT} at (0,0) size 224x48
        RenderBlock {DIV} at (0,8) size 32x32
    RenderButton {INPUT} at (272,0) size 48x48
layer at (8,283) size 320x240
  RenderBlock (relative positioned) {DIV} at (0,0) size 320x240
layer at (8,475) size 320x48
  RenderFlexibleBox (positioned) {DIV} at (0,192) size 320x48
    RenderButton {INPUT} at (0,0) size 48x48
    RenderFlexibleBox {DIV} at (48,0) size 224x48
      RenderSlider {INPUT} at (0,0) size 224x48
        RenderBlock {DIV} at (0,8) size 32x32
    RenderButton {INPUT} at (272,0) size 48x48
