layer at (0,0) size 800x600
  RenderView at (0,0) size 800x600
layer at (0,0) size 800x600
  RenderBlock {HTML} at (0,0) size 800x600
    RenderBody {BODY} at (12,12) size 776x543
      RenderBlock {P} at (0,0) size 776x28
        RenderText {#text} at (0,0) size 305x28
          text run at (0,0) width 305: "Zoomed video with controls."
layer at (57,85) size 240x180
  RenderVideo {VIDEO} at (45,73) size 240x180
layer at (57,85) size 240x180
  RenderBlock (relative positioned) {DIV} at (0,0) size 240x180
layer at (57,193) size 240x72
  RenderFlexibleBox (positioned) {DIV} at (0,108) size 240x72
    RenderButton {INPUT} at (0,0) size 72x72
    RenderFlexibleBox {DIV} at (72,0) size 96x72
      RenderSlider {INPUT} at (0,0) size 96x72
        RenderBlock {DIV} at (0,20) size 32x32
    RenderButton {INPUT} at (168,0) size 72x72
layer at (57,310) size 240x180
  RenderVideo {VIDEO} at (45,298) size 240x180
layer at (57,310) size 240x180
  RenderBlock (relative positioned) {DIV} at (0,0) size 240x180
layer at (57,418) size 240x72
  RenderFlexibleBox (positioned) {DIV} at (0,108) size 240x72
    RenderButton {INPUT} at (0,0) size 72x72
    RenderFlexibleBox {DIV} at (72,0) size 96x72
      RenderSlider {INPUT} at (0,0) size 96x72
        RenderBlock {DIV} at (0,20) size 32x32
    RenderButton {INPUT} at (168,0) size 72x72
