layer at (0,0) size 800x600
  RenderView at (0,0) size 800x600
layer at (0,0) size 800x322
  RenderBlock {HTML} at (0,0) size 800x322
    RenderBody {BODY} at (8,16) size 784x298
      RenderBlock {P} at (0,0) size 784x38
        RenderText {#text} at (0,0) size 748x38
          text run at (0,0) width 748: "Test that pausing the media element in \"playing\" event handler pauses the media immediately. The video"
          text run at (0,19) width 200: "should show the first frame."
      RenderBlock (anonymous) at (0,54) size 784x244
        RenderText {#text} at (0,0) size 0x0
layer at (8,70) size 320x240
  RenderVideo {VIDEO} at (0,0) size 320x240
layer at (8,70) size 320x240
  RenderBlock (relative positioned) {DIV} at (0,0) size 320x240
layer at (8,262) size 320x48
  RenderFlexibleBox (positioned) {DIV} at (0,192) size 320x48
    RenderButton {INPUT} at (0,0) size 48x48
    RenderFlexibleBox {DIV} at (48,0) size 224x48
      RenderSlider {INPUT} at (0,0) size 224x48
        RenderBlock {DIV} at (0,8) size 32x32
    RenderButton {INPUT} at (272,0) size 48x48
