layer at (0,0) size 800x600
  RenderView at (0,0) size 800x600
layer at (0,0) size 800x600
  RenderBlock {HTML} at (0,0) size 800x600
    RenderBody {BODY} at (8,8) size 784x584
      RenderBlock {P} at (0,0) size 784x19
        RenderText {#text} at (0,0) size 483x19
          text run at (0,0) width 483: "Slider drawing with no source. The controls should render correctly."
      RenderBlock (anonymous) at (0,35) size 784x152
        RenderText {#text} at (0,0) size 0x0
layer at (8,43) size 302x152
  RenderVideo {VIDEO} at (0,0) size 302x152 [border: (1px solid #000000)]
layer at (9,44) size 300x150
  RenderBlock (relative positioned) {DIV} at (1,1) size 300x150
layer at (9,146) size 300x48
  RenderFlexibleBox (positioned) {DIV} at (0,102) size 300x48
    RenderButton {INPUT} at (0,0) size 48x48
    RenderFlexibleBox {DIV} at (48,0) size 252x48
      RenderSlider {INPUT} at (0,0) size 252x48
        RenderBlock {DIV} at (0,8) size 32x32
