layer at (0,0) size 800x600
  RenderView at (0,0) size 800x600
layer at (0,0) size 800x600
  RenderBlock {HTML} at (0,0) size 800x600
    RenderBody {BODY} at (8,8) size 784x584
      RenderBlock {P} at (0,0) size 784x19
        RenderText {#text} at (0,0) size 460x19
          text run at (0,0) width 460: "Movie with no audio track. The volume button should not render."
      RenderBlock (anonymous) at (0,35) size 784x288
        RenderText {#text} at (0,0) size 0x0
layer at (8,43) size 352x288
  RenderVideo {VIDEO} at (0,0) size 352x288
layer at (8,43) size 352x288
  RenderBlock (relative positioned) {DIV} at (0,0) size 352x288
layer at (8,283) size 352x48
  RenderFlexibleBox (positioned) {DIV} at (0,240) size 352x48
    RenderButton {INPUT} at (0,0) size 48x48
    RenderFlexibleBox {DIV} at (48,0) size 256x48
      RenderSlider {INPUT} at (0,0) size 256x48
        RenderBlock {DIV} at (0,8) size 32x32
    RenderButton {INPUT} at (304,0) size 48x48
