layer at (0,0) size 800x600
  RenderView at (0,0) size 800x600
layer at (0,0) size 800x600
  RenderBlock {HTML} at (0,0) size 800x600
    RenderBody {BODY} at (8,8) size 784x584
      RenderText {#text} at (0,0) size 564x19
        text run at (0,0) width 564: "This tests that toggling the display property won't make the controls disappear."
      RenderBR {BR} at (563,15) size 1x0
      RenderText {#text} at (0,0) size 0x0
layer at (8,27) size 320x240
  RenderVideo {VIDEO} at (0,19) size 320x240
layer at (8,27) size 320x240
  RenderBlock (relative positioned) {DIV} at (0,0) size 320x240
layer at (8,219) size 320x48
  RenderFlexibleBox (positioned) {DIV} at (0,192) size 320x48
    RenderButton {INPUT} at (0,0) size 48x48
    RenderFlexibleBox {DIV} at (48,0) size 224x48
      RenderSlider {INPUT} at (0,0) size 224x48
        RenderBlock {DIV} at (0,8) size 32x32
    RenderButton {INPUT} at (272,0) size 48x48
