layer at (0,0) size 800x600
  RenderView at (0,0) size 800x600
layer at (0,0) size 800x600
  RenderBlock {HTML} at (0,0) size 800x600
    RenderBody {BODY} at (8,8) size 784x584
      RenderBlock {P} at (0,0) size 784x38
        RenderText {#text} at (0,0) size 119x19
          text run at (0,0) width 119: "This is a test for "
        RenderInline {I} at (0,0) size 755x38
          RenderInline {A} at (0,0) size 368x19 [color=#0000EE]
            RenderText {#text} at (118,0) size 368x19
              text run at (118,0) width 368: "http://bugzilla.opendarwin.org/show_bug.cgi?id=9252"
          RenderText {#text} at (485,0) size 755x38
            text run at (485,0) width 5: " "
            text run at (489,0) width 266: "REGRESSION: Very odd roll-over issues"
            text run at (0,19) width 153: "(content disappearing)"
        RenderText {#text} at (152,19) size 6x19
          text run at (152,19) width 6: "."
      RenderBlock {P} at (0,54) size 784x19
        RenderText {#text} at (0,0) size 277x19
          text run at (0,0) width 277: "There should be a green square below."
      RenderBlock {HR} at (0,89) size 784x2 [border: (1px inset #000000)]
      RenderBlock {DIV} at (0,99) size 784x0
      RenderBlock {DIV} at (0,99) size 100x100 [bgcolor=#008000]
