layer at (0,0) size 800x600
  RenderView at (0,0) size 800x600
layer at (0,0) size 800x600
  RenderBlock {HTML} at (0,0) size 800x600
    RenderBody {BODY} at (8,8) size 784x584
      RenderBlock {P} at (0,0) size 784x19
        RenderText {#text} at (0,0) size 432x19
          text run at (0,0) width 432: "Pass if both the select boxes show the texts without clipping"
      RenderBlock (anonymous) at (0,35) size 784x80
        RenderMenuList {SELECT} at (2,27) size 60x26 [bgcolor=#FFFFFF] [border: (1px solid #000000)]
          RenderBlock (anonymous) at (2,2) size 39x22
            RenderText at (0,3) size 39x15
              text run at (0,3) width 39: "TEST1"
        RenderText {#text} at (64,29) size 4x19
          text run at (64,29) width 4: " "
        RenderMenuList {SELECT} at (70,0) size 60x80 [bgcolor=#FFFFFF] [border: (1px solid #000000)]
          RenderBlock (anonymous) at (2,29) size 39x22
            RenderText at (0,3) size 39x15
              text run at (0,3) width 39: "TEST2"
        RenderText {#text} at (0,0) size 0x0
