layer at (0,0) size 800x600
  RenderView at (0,0) size 800x600
layer at (0,0) size 800x251
  RenderBlock {HTML} at (0,0) size 800x251
    RenderBody {BODY} at (8,8) size 784x227
      RenderBlock (anonymous) at (0,0) size 784x57
        RenderText {#text} at (0,0) size 776x57
          text run at (0,0) width 776: "This test checks that the decomposed unicode version of voiced japanese hiragana and katakana characters"
          text run at (0,19) width 768: "are rendered the same as the precomposed version. This test is a pixel-test, and passes when the text in the"
          text run at (0,38) width 254: "two heading elements are identical."
      RenderBlock {H2} at (0,76) size 784x28
        RenderText {#text} at (0,0) size 168x28
          text run at (0,0) width 168: "\x{30CF}\x{3099}\x{30CA}\x{30CA}\x{3068}\x{30CF}\x{309A}\x{30CA}\x{30DE}"
      RenderBlock {P} at (0,123) size 784x19
        RenderText {#text} at (0,0) size 188x19
          text run at (0,0) width 188: "The above is decomposed"
      RenderBlock {H2} at (0,161) size 784x28
        RenderText {#text} at (0,0) size 168x28
          text run at (0,0) width 168: "\x{30D0}\x{30CA}\x{30CA}\x{3068}\x{30D1}\x{30CA}\x{30DE}"
      RenderBlock {P} at (0,208) size 784x19
        RenderText {#text} at (0,0) size 194x19
          text run at (0,0) width 194: "The above is precomposed"
