layer at (0,0) size 800x600
  RenderView at (0,0) size 800x600
layer at (0,0) size 800x600
  RenderBlock {HTML} at (0,0) size 800x600
    RenderBody {BODY} at (8,8) size 784x576
      RenderBlock {P} at (0,0) size 784x19
        RenderText {#text} at (0,0) size 371x19
          text run at (0,0) width 371: "This tests the rendering of invalid UTF-8 sequences."
      RenderBlock {P} at (0,35) size 784x19
        RenderText {#text} at (0,0) size 560x19
          text run at (0,0) width 560: "The output should be: \"\x{442}??\x{442}\" (with black diamonds in place of question marks)."
      RenderBlock {HR} at (0,70) size 784x2 [border: (1px inset #000000)]
      RenderBlock {P} at (0,88) size 784x19
        RenderText {#text} at (0,0) size 49x19
          text run at (0,0) width 49: "\x{442}\x{FFFD}\x{FFFD}\x{442}"
