layer at (0,0) size 800x1148
  RenderView at (0,0) size 800x600
layer at (0,0) size 800x1148
  RenderBlock {HTML} at (0,0) size 800x1148
    RenderBody {BODY} at (8,8) size 784x1127 [bgcolor=#EEEEEE]
      RenderBlock (anonymous) at (0,0) size 784x21
        RenderInline {SPAN} at (0,0) size 187x15
          RenderText {#text} at (0,0) size 0x0
          RenderInline {SPAN} at (0,0) size 187x15
            RenderText {#text} at (0,0) size 0x0
            RenderTable {TABLE} at (0,0) size 187x21
              RenderTableSection {TBODY} at (0,0) size 187x21
                RenderTableRow {TR} at (0,0) size 187x21
                  RenderTableCell {TD} at (0,0) size 116x21 [r=0 c=0 rs=1 cs=1]
                    RenderText {#text} at (1,1) size 114x19
                      text run at (1,1) width 114: "Record Locator:"
                  RenderTableCell {TD} at (116,0) size 71x21 [r=0 c=1 rs=1 cs=1]
                    RenderInline {B} at (0,0) size 69x19
                      RenderText {#text} at (1,1) size 69x19
                        text run at (1,1) width 69: "WHGNSO"
                    RenderText {#text} at (0,0) size 0x0
            RenderText {#text} at (0,0) size 0x0
          RenderText {#text} at (0,0) size 0x0
      RenderBlock (anonymous) at (0,27) size 784x2
        RenderBlock {HR} at (0,0) size 784x2 [border: (1px inset #000000)]
      RenderBlock (anonymous) at (0,35) size 784x45
        RenderInline {SPAN} at (0,0) size 105x41
          RenderInline {SPAN} at (0,0) size 105x41
            RenderText {#text} at (0,0) size 0x0
            RenderInline {SPAN} at (0,0) size 105x19
              RenderText {#text} at (0,0) size 0x0
              RenderImage {IMG} at (0,1) size 50x20
              RenderText {#text} at (50,0) size 55x19
                text run at (50,0) width 4: " "
                text run at (53,0) width 52: "Names"
              RenderBR {BR} at (104,15) size 1x0
            RenderText {#text} at (0,0) size 0x0
            RenderInline {SPAN} at (0,0) size 97x15
              RenderText {#text} at (0,0) size 0x0
              RenderText {#text} at (0,0) size 0x0
            RenderText {#text} at (0,0) size 0x0
          RenderText {#text} at (0,0) size 0x0
      RenderBlock (anonymous) at (0,86) size 784x2
        RenderBlock {HR} at (0,0) size 784x2 [border: (1px inset #000000)]
      RenderBlock (anonymous) at (0,94) size 784x70
        RenderInline {SPAN} at (0,0) size 565x66
          RenderInline {SPAN} at (0,0) size 565x66
            RenderText {#text} at (0,0) size 0x0
            RenderImage {IMG} at (0,2) size 61x20
            RenderText {#text} at (61,3) size 4x15
              text run at (61,3) width 4: " "
            RenderInline {SPAN} at (0,0) size 77x19
              RenderText {#text} at (64,0) size 77x19
                text run at (64,0) width 77: "Addresses"
              RenderBR {BR} at (140,15) size 1x0
            RenderText {#text} at (0,0) size 0x0
            RenderText {#text} at (0,0) size 0x0
          RenderText {#text} at (0,0) size 0x0
      RenderBlock (anonymous) at (0,170) size 784x2
        RenderBlock {HR} at (0,0) size 784x2 [border: (1px inset #000000)]
      RenderBlock (anonymous) at (0,178) size 784x41
        RenderInline {SPAN} at (0,0) size 117x41
          RenderInline {SPAN} at (0,0) size 117x41
            RenderText {#text} at (0,0) size 0x0
            RenderInline {SPAN} at (0,0) size 117x19
              RenderText {#text} at (0,0) size 0x0
              RenderImage {IMG} at (0,1) size 54x20
              RenderText {#text} at (54,0) size 63x19
                text run at (54,0) width 4: " "
                text run at (57,0) width 60: "Phones "
              RenderBR {BR} at (116,15) size 1x0
            RenderText {#text} at (0,0) size 0x0
      RenderBlock (anonymous) at (0,219) size 784x62
      RenderBlock (anonymous) at (0,281) size 784x0
        RenderInline {SPAN} at (0,0) size 0x0
          RenderInline {SPAN} at (0,0) size 0x0
            RenderText {#text} at (0,0) size 0x0
          RenderText {#text} at (0,0) size 0x0
      RenderBlock (anonymous) at (0,287) size 784x2
        RenderBlock {HR} at (0,0) size 784x2 [border: (1px inset #000000)]
      RenderBlock (anonymous) at (0,295) size 784x21
        RenderInline {SPAN} at (0,0) size 125x15
          RenderInline {SPAN} at (0,0) size 125x15
            RenderText {#text} at (0,0) size 0x0
            RenderInline {SPAN} at (0,0) size 125x19
              RenderText {#text} at (0,0) size 0x0
              RenderImage {IMG} at (0,1) size 60x20
              RenderText {#text} at (60,0) size 65x19
                text run at (60,0) width 4: " "
                text run at (63,0) width 62: "Itinerary"
            RenderText {#text} at (0,0) size 0x0
            RenderInline {SPAN} at (0,0) size 0x0
              RenderText {#text} at (0,0) size 0x0
              RenderInline {SPAN} at (0,0) size 0x0
                RenderText {#text} at (0,0) size 0x0
      RenderBlock (anonymous) at (0,316) size 784x63
        RenderTable {TABLE} at (0,0) size 556x63
          RenderTableSection {TBODY} at (0,0) size 556x63
            RenderTableRow {TR} at (0,2) size 556x59
              RenderTableCell {TD} at (2,30) size 2x2 [r=0 c=0 rs=1 cs=1]
              RenderTableCell {TD} at (6,2) size 2x2 [r=0 c=1 rs=1 cs=1]
              RenderTableCell {TD} at (10,20) size 144x22 [r=0 c=2 rs=1 cs=1]
                RenderImage {IMG} at (1,1) size 142x20
                RenderText {#text} at (0,0) size 0x0
              RenderTableCell {TD} at (156,2) size 398x59 [r=0 c=3 rs=1 cs=1]
                RenderText {#text} at (1,1) size 143x19
                  text run at (1,1) width 143: "TUR - Tour Package"
                RenderBR {BR} at (143,16) size 1x0
                RenderText {#text} at (1,20) size 225x19
                  text run at (1,20) width 225: "Date: Sunday, January 12, 2003"
                RenderBR {BR} at (225,35) size 1x0
                RenderText {#text} at (1,39) size 396x19
                  text run at (1,39) width 396: "Comments: -** TICKETLESS CONF CODE IS WHGNSO**"
      RenderBlock (anonymous) at (0,379) size 784x0
        RenderInline {SPAN} at (0,0) size 0x0
          RenderInline {SPAN} at (0,0) size 0x0
            RenderInline {SPAN} at (0,0) size 0x0
              RenderInline {SPAN} at (0,0) size 0x0
              RenderText {#text} at (0,0) size 0x0
      RenderBlock (anonymous) at (0,385) size 784x2
        RenderBlock {HR} at (0,0) size 784x2 [border: (1px inset #000000)]
      RenderBlock (anonymous) at (0,393) size 784x0
        RenderInline {SPAN} at (0,0) size 0x0
          RenderInline {SPAN} at (0,0) size 0x0
            RenderInline {SPAN} at (0,0) size 0x0
              RenderInline {SPAN} at (0,0) size 0x0
                RenderText {#text} at (0,0) size 0x0
      RenderBlock (anonymous) at (0,393) size 784x206
        RenderTable {TABLE} at (0,0) size 703x206
          RenderTableSection {TBODY} at (0,0) size 703x206
            RenderTableRow {TR} at (0,2) size 703x202
              RenderTableCell {TD} at (2,102) size 2x2 [r=0 c=0 rs=1 cs=1]
              RenderTableCell {TD} at (6,2) size 2x2 [r=0 c=1 rs=1 cs=1]
              RenderTableCell {TD} at (10,92) size 89x22 [r=0 c=2 rs=1 cs=1]
                RenderImage {IMG} at (1,1) size 87x20
                RenderText {#text} at (0,0) size 0x0
              RenderTableCell {TD} at (101,2) size 600x202 [r=0 c=3 rs=1 cs=1]
                RenderBlock (anonymous) at (1,1) size 598x133
                  RenderText {#text} at (0,0) size 25x19
                    text run at (0,0) width 25: "Air "
                  RenderBR {BR} at (0,0) size 0x0
                  RenderText {#text} at (0,19) size 481x19
                    text run at (0,19) width 51: "United "
                    text run at (50,19) width 85: "Flight 1187 "
                    text run at (134,19) width 122: "Booking Code:M "
                    text run at (255,19) width 226: "Date: Sunday, January 12, 2003"
                  RenderBR {BR} at (480,34) size 1x0
                  RenderText {#text} at (0,38) size 386x19
                    text run at (0,38) width 386: "From: San Francisco Intl Arpt, San Francisco CA - U.S."
                  RenderBR {BR} at (385,53) size 1x0
                  RenderText {#text} at (0,57) size 396x19
                    text run at (0,57) width 27: "To: "
                    text run at (26,57) width 370: "Burbank Glendale Pasadena Arpt, Burbank CA - U.S."
                  RenderBR {BR} at (395,72) size 1x0
                  RenderText {#text} at (0,76) size 245x19
                    text run at (0,76) width 128: "Departs: 6:05 PM "
                    text run at (127,76) width 118: "Arrives: 7:10 PM"
                  RenderBR {BR} at (244,91) size 1x0
                  RenderText {#text} at (0,95) size 51x19
                    text run at (0,95) width 51: "Status:"
                  RenderInline {SPACE} at (0,0) size 132x38
                    RenderText {#text} at (50,95) size 78x19
                      text run at (50,95) width 78: " confirmed"
                    RenderInline {SPACE} at (0,0) size 132x38
                      RenderText {#text} at (127,95) size 5x19
                        text run at (127,95) width 5: " "
                      RenderBR {BR} at (0,0) size 0x0
                      RenderText {#text} at (0,114) size 45x19
                        text run at (0,114) width 45: "Seats:"
                      RenderBR {BR} at (44,129) size 1x0
                RenderBlock (anonymous) at (1,134) size 598x48
                  RenderTable {TABLE} at (0,0) size 598x48 [border: (1px outset #808080)]
                    RenderTableSection {TBODY} at (1,1) size 596x46
                      RenderTableRow {TR} at (0,0) size 596x23 [bgcolor=#E0E0E0]
                        RenderTableCell {TD} at (0,0) size 91x23 [border: (1px inset #808080)] [r=0 c=0 rs=1 cs=1]
                          RenderText {#text} at (2,2) size 43x19
                            text run at (2,2) width 43: "Name"
                        RenderTableCell {TD} at (91,0) size 37x23 [border: (1px inset #808080)] [r=0 c=1 rs=1 cs=1]
                          RenderText {#text} at (2,2) size 33x19
                            text run at (2,2) width 33: "Seat"
                        RenderTableCell {TD} at (128,0) size 82x23 [border: (1px inset #808080)] [r=0 c=2 rs=1 cs=1]
                          RenderText {#text} at (2,2) size 47x19
                            text run at (2,2) width 47: "Status"
                        RenderTableCell {TD} at (210,0) size 312x23 [border: (1px inset #808080)] [r=0 c=3 rs=1 cs=1]
                          RenderText {#text} at (2,2) size 36x19
                            text run at (2,2) width 36: "Type"
                        RenderTableCell {TD} at (522,0) size 74x23 [border: (1px inset #808080)] [r=0 c=4 rs=1 cs=1]
                          RenderText {#text} at (2,2) size 70x19
                            text run at (2,2) width 70: "Comment"
                      RenderTableRow {TR} at (0,23) size 596x23
                        RenderTableCell {TD} at (0,23) size 91x23 [border: (1px inset #808080)] [r=1 c=0 rs=1 cs=1]
                          RenderText {#text} at (2,2) size 87x19
                            text run at (2,2) width 87: "HAO,SCOTT"
                        RenderTableCell {TD} at (91,23) size 37x23 [border: (1px inset #808080)] [r=1 c=1 rs=1 cs=1]
                          RenderText {#text} at (2,2) size 29x19
                            text run at (2,2) width 29: "08A"
                        RenderTableCell {TD} at (128,23) size 82x23 [border: (1px inset #808080)] [r=1 c=2 rs=1 cs=1]
                          RenderText {#text} at (2,2) size 78x19
                            text run at (2,2) width 78: "confirmed "
                        RenderTableCell {TD} at (210,23) size 312x23 [border: (1px inset #808080)] [r=1 c=3 rs=1 cs=1]
                          RenderText {#text} at (2,2) size 308x19
                            text run at (2,2) width 308: "Non-Smoking, Window Seat, Preferred Seat"
                        RenderTableCell {TD} at (522,23) size 74x23 [border: (1px inset #808080)] [r=1 c=4 rs=1 cs=1]
                          RenderText {#text} at (2,2) size 4x19
                            text run at (2,2) width 4: " "
                RenderBlock (anonymous) at (1,182) size 598x19
                  RenderInline {SPACE} at (0,0) size 0x19
                    RenderInline {SPACE} at (0,0) size 0x19
                      RenderBR {BR} at (0,0) size 0x19
      RenderBlock (anonymous) at (0,599) size 784x0
        RenderInline {SPAN} at (0,0) size 0x0
          RenderInline {SPAN} at (0,0) size 0x0
            RenderInline {SPAN} at (0,0) size 0x0
              RenderInline {SPAN} at (0,0) size 0x0
              RenderText {#text} at (0,0) size 0x0
      RenderBlock (anonymous) at (0,605) size 784x2
        RenderBlock {HR} at (0,0) size 784x2 [border: (1px inset #000000)]
      RenderBlock (anonymous) at (0,613) size 784x0
        RenderInline {SPAN} at (0,0) size 0x0
          RenderInline {SPAN} at (0,0) size 0x0
            RenderInline {SPAN} at (0,0) size 0x0
              RenderInline {SPAN} at (0,0) size 0x0
                RenderText {#text} at (0,0) size 0x0
      RenderBlock (anonymous) at (0,613) size 784x206
        RenderTable {TABLE} at (0,0) size 593x206
          RenderTableSection {TBODY} at (0,0) size 593x206
            RenderTableRow {TR} at (0,2) size 593x202
              RenderTableCell {TD} at (2,102) size 2x2 [r=0 c=0 rs=1 cs=1]
              RenderTableCell {TD} at (6,2) size 2x2 [r=0 c=1 rs=1 cs=1]
              RenderTableCell {TD} at (10,92) size 89x22 [r=0 c=2 rs=1 cs=1]
                RenderImage {IMG} at (1,1) size 87x20
                RenderText {#text} at (0,0) size 0x0
              RenderTableCell {TD} at (101,2) size 490x202 [r=0 c=3 rs=1 cs=1]
                RenderBlock (anonymous) at (1,1) size 488x133
                  RenderText {#text} at (0,0) size 25x19
                    text run at (0,0) width 25: "Air "
                  RenderBR {BR} at (0,0) size 0x0
                  RenderText {#text} at (0,19) size 460x19
                    text run at (0,19) width 51: "United "
                    text run at (50,19) width 76: "Flight 480 "
                    text run at (125,19) width 120: "Booking Code:Q "
                    text run at (244,19) width 216: "Date: Friday, January 24, 2003"
                  RenderBR {BR} at (459,34) size 1x0
                  RenderText {#text} at (0,38) size 416x19
                    text run at (0,38) width 416: "From: Burbank Glendale Pasadena Arpt, Burbank CA - U.S."
                  RenderBR {BR} at (415,53) size 1x0
                  RenderText {#text} at (0,57) size 366x19
                    text run at (0,57) width 27: "To: "
                    text run at (26,57) width 340: "San Francisco Intl Arpt, San Francisco CA - U.S."
                  RenderBR {BR} at (365,72) size 1x0
                  RenderText {#text} at (0,76) size 245x19
                    text run at (0,76) width 128: "Departs: 1:40 PM "
                    text run at (127,76) width 118: "Arrives: 2:50 PM"
                  RenderBR {BR} at (244,91) size 1x0
                  RenderText {#text} at (0,95) size 51x19
                    text run at (0,95) width 51: "Status:"
                  RenderInline {SPACE} at (0,0) size 132x38
                    RenderText {#text} at (50,95) size 78x19
                      text run at (50,95) width 78: " confirmed"
                    RenderInline {SPACE} at (0,0) size 132x38
                      RenderText {#text} at (127,95) size 5x19
                        text run at (127,95) width 5: " "
                      RenderBR {BR} at (0,0) size 0x0
                      RenderText {#text} at (0,114) size 45x19
                        text run at (0,114) width 45: "Seats:"
                      RenderBR {BR} at (44,129) size 1x0
                RenderBlock (anonymous) at (1,134) size 488x48
                  RenderTable {TABLE} at (0,0) size 488x48 [border: (1px outset #808080)]
                    RenderTableSection {TBODY} at (1,1) size 486x46
                      RenderTableRow {TR} at (0,0) size 486x23 [bgcolor=#E0E0E0]
                        RenderTableCell {TD} at (0,0) size 91x23 [border: (1px inset #808080)] [r=0 c=0 rs=1 cs=1]
                          RenderText {#text} at (2,2) size 43x19
                            text run at (2,2) width 43: "Name"
                        RenderTableCell {TD} at (91,0) size 37x23 [border: (1px inset #808080)] [r=0 c=1 rs=1 cs=1]
                          RenderText {#text} at (2,2) size 33x19
                            text run at (2,2) width 33: "Seat"
                        RenderTableCell {TD} at (128,0) size 82x23 [border: (1px inset #808080)] [r=0 c=2 rs=1 cs=1]
                          RenderText {#text} at (2,2) size 47x19
                            text run at (2,2) width 47: "Status"
                        RenderTableCell {TD} at (210,0) size 202x23 [border: (1px inset #808080)] [r=0 c=3 rs=1 cs=1]
                          RenderText {#text} at (2,2) size 36x19
                            text run at (2,2) width 36: "Type"
                        RenderTableCell {TD} at (412,0) size 74x23 [border: (1px inset #808080)] [r=0 c=4 rs=1 cs=1]
                          RenderText {#text} at (2,2) size 70x19
                            text run at (2,2) width 70: "Comment"
                      RenderTableRow {TR} at (0,23) size 486x23
                        RenderTableCell {TD} at (0,23) size 91x23 [border: (1px inset #808080)] [r=1 c=0 rs=1 cs=1]
                          RenderText {#text} at (2,2) size 87x19
                            text run at (2,2) width 87: "HAO,SCOTT"
                        RenderTableCell {TD} at (91,23) size 37x23 [border: (1px inset #808080)] [r=1 c=1 rs=1 cs=1]
                          RenderText {#text} at (2,2) size 28x19
                            text run at (2,2) width 28: "13F"
                        RenderTableCell {TD} at (128,23) size 82x23 [border: (1px inset #808080)] [r=1 c=2 rs=1 cs=1]
                          RenderText {#text} at (2,2) size 78x19
                            text run at (2,2) width 78: "confirmed "
                        RenderTableCell {TD} at (210,23) size 202x23 [border: (1px inset #808080)] [r=1 c=3 rs=1 cs=1]
                          RenderText {#text} at (2,2) size 198x19
                            text run at (2,2) width 198: "Non-Smoking, Window Seat"
                        RenderTableCell {TD} at (412,23) size 74x23 [border: (1px inset #808080)] [r=1 c=4 rs=1 cs=1]
                          RenderText {#text} at (2,2) size 4x19
                            text run at (2,2) width 4: " "
                RenderBlock (anonymous) at (1,182) size 488x19
                  RenderInline {SPACE} at (0,0) size 0x19
                    RenderInline {SPACE} at (0,0) size 0x19
                      RenderBR {BR} at (0,0) size 0x19
      RenderBlock (anonymous) at (0,819) size 784x0
        RenderInline {SPAN} at (0,0) size 0x0
          RenderInline {SPAN} at (0,0) size 0x0
            RenderInline {SPAN} at (0,0) size 0x0
              RenderInline {SPAN} at (0,0) size 0x0
              RenderText {#text} at (0,0) size 0x0
      RenderBlock (anonymous) at (0,825) size 784x2
        RenderBlock {HR} at (0,0) size 784x2 [border: (1px inset #000000)]
      RenderBlock (anonymous) at (0,833) size 784x0
        RenderInline {SPAN} at (0,0) size 0x0
          RenderInline {SPAN} at (0,0) size 0x0
            RenderInline {SPAN} at (0,0) size 0x0
              RenderInline {SPAN} at (0,0) size 0x0
                RenderText {#text} at (0,0) size 0x0
      RenderBlock (anonymous) at (0,833) size 784x120
        RenderTable {TABLE} at (0,0) size 603x120
          RenderTableSection {TBODY} at (0,0) size 603x120
            RenderTableRow {TR} at (0,2) size 603x116
              RenderTableCell {TD} at (2,59) size 2x2 [r=0 c=0 rs=1 cs=1]
              RenderTableCell {TD} at (6,2) size 2x2 [r=0 c=1 rs=1 cs=1]
              RenderTableCell {TD} at (10,49) size 89x22 [r=0 c=2 rs=1 cs=1]
                RenderImage {IMG} at (1,1) size 87x20
                RenderText {#text} at (0,0) size 0x0
              RenderTableCell {TD} at (101,2) size 500x116 [r=0 c=3 rs=1 cs=1]
                RenderText {#text} at (1,1) size 25x19
                  text run at (1,1) width 25: "Air "
                RenderBR {BR} at (0,0) size 0x0
                RenderText {#text} at (1,20) size 498x19
                  text run at (1,20) width 85: "UNKNOWN "
                  text run at (85,20) width 76: "Flight 123 "
                  text run at (160,20) width 118: "Booking Code:Y "
                  text run at (277,20) width 222: "Date: Tuesday, March 25, 2003"
                RenderBR {BR} at (498,35) size 1x0
                RenderText {#text} at (1,39) size 386x19
                  text run at (1,39) width 386: "From: San Francisco Intl Arpt, San Francisco CA - U.S."
                RenderBR {BR} at (386,54) size 1x0
                RenderText {#text} at (1,58) size 366x19
                  text run at (1,58) width 27: "To: "
                  text run at (27,58) width 340: "San Francisco Intl Arpt, San Francisco CA - U.S."
                RenderBR {BR} at (366,73) size 1x0
                RenderText {#text} at (1,77) size 176x19
                  text run at (1,77) width 93: "Departs: n/a "
                  text run at (93,77) width 84: "Arrives: n/a"
                RenderBR {BR} at (176,92) size 1x0
                RenderText {#text} at (1,96) size 51x19
                  text run at (1,96) width 51: "Status:"
                RenderInline {SPACE} at (0,0) size 196x19
                  RenderText {#text} at (51,96) size 192x19
                    text run at (51,96) width 192: " requested, await response"
                  RenderInline {SPACE} at (0,0) size 5x19
                    RenderText {#text} at (242,96) size 5x19
                      text run at (242,96) width 5: " "
                    RenderBR {BR} at (246,111) size 1x0
      RenderBlock (anonymous) at (0,953) size 784x0
        RenderInline {SPAN} at (0,0) size 0x0
          RenderInline {SPAN} at (0,0) size 0x0
            RenderInline {SPAN} at (0,0) size 0x0
              RenderInline {SPAN} at (0,0) size 0x0
              RenderText {#text} at (0,0) size 0x0
      RenderBlock (anonymous) at (0,959) size 784x2
        RenderBlock {HR} at (0,0) size 784x2 [border: (1px inset #000000)]
      RenderBlock (anonymous) at (0,967) size 784x53
        RenderInline {SPAN} at (0,0) size 187x49
          RenderInline {SPAN} at (0,0) size 0x0
            RenderInline {SPAN} at (0,0) size 0x0
            RenderText {#text} at (0,0) size 0x0
          RenderText {#text} at (0,0) size 0x0
          RenderInline {SPAN} at (0,0) size 93x19
            RenderText {#text} at (0,0) size 0x0
            RenderImage {IMG} at (0,1) size 20x20
            RenderText {#text} at (20,0) size 73x19
              text run at (20,0) width 4: " "
              text run at (23,0) width 70: "Remarks:"
            RenderBR {BR} at (92,15) size 1x0
          RenderText {#text} at (0,0) size 0x0
          RenderBR {BR} at (0,21) size 0x15
          RenderInline {SPAN} at (0,0) size 187x15
            RenderText {#text} at (0,37) size 187x15
              text run at (0,37) width 114: "SERVICE FEE MCO "
              text run at (113,37) width 74: "8103220490"
            RenderBR {BR} at (186,49) size 1x0
          RenderText {#text} at (0,0) size 0x0
      RenderBlock (anonymous) at (0,1026) size 784x2
        RenderBlock {HR} at (0,0) size 784x2 [border: (1px inset #000000)]
      RenderBlock (anonymous) at (0,1034) size 784x21
        RenderInline {SPAN} at (0,0) size 171x15
          RenderInline {SPAN} at (0,0) size 171x19
            RenderText {#text} at (0,0) size 0x0
            RenderImage {IMG} at (0,1) size 60x20
            RenderText {#text} at (60,0) size 4x19
              text run at (60,0) width 4: " "
            RenderInline {B} at (0,0) size 104x19
              RenderText {#text} at (63,0) size 104x19
                text run at (63,0) width 104: "Web Bookings"
            RenderText {#text} at (166,0) size 5x19
              text run at (166,0) width 5: " "
            RenderInline {SPAN} at (0,0) size 1x19
              RenderBR {BR} at (170,15) size 1x0
              RenderInline {SPAN} at (0,0) size 0x0
            RenderText {#text} at (0,0) size 0x0
          RenderText {#text} at (0,0) size 0x0
      RenderBlock (anonymous) at (0,1061) size 784x2
        RenderBlock {HR} at (0,0) size 784x2 [border: (1px inset #000000)]
      RenderBlock (anonymous) at (0,1069) size 784x21
        RenderInline {SPAN} at (0,0) size 265x15
          RenderInline {SPAN} at (0,0) size 265x15
            RenderText {#text} at (0,0) size 0x0
            RenderInline {SPAN} at (0,0) size 265x19
              RenderText {#text} at (0,0) size 0x0
              RenderImage {IMG} at (0,1) size 20x20
              RenderText {#text} at (20,0) size 245x19
                text run at (20,0) width 4: " "
                text run at (23,0) width 242: "Remarks and Service Information"
              RenderBR {BR} at (264,15) size 1x0
            RenderText {#text} at (0,0) size 0x0
            RenderText {#text} at (0,0) size 0x0
      RenderBlock (anonymous) at (0,1096) size 784x31
        RenderBlock {HR} at (0,0) size 784x2 [border: (1px inset #000000)]
        RenderBlock {P} at (0,15) size 784x16
          RenderText {#text} at (0,0) size 203x15
            text run at (0,0) width 203: "This itinerary is subject to change. "
          RenderInline {A} at (0,0) size 163x15 [color=#0000EE]
            RenderText {#text} at (202,0) size 163x15
              text run at (202,0) width 163: "Click here for latest updates"
          RenderText {#text} at (0,0) size 0x0
      RenderBlock (anonymous) at (0,1140) size 784x0
        RenderInline {SPAN} at (0,0) size 0x0
          RenderInline {SPAN} at (0,0) size 0x0
          RenderText {#text} at (0,0) size 0x0
layer at (23,43) size 97x15
  RenderInline (relative positioned) {SPAN} at (0,0) size 97x15
    RenderText {#text} at (0,0) size 0x0
    RenderInline {SPAN} at (0,0) size 97x15
      RenderText {#text} at (0,0) size 0x0
      RenderImage {IMG} at (0,21) size 20x20
      RenderText {#text} at (20,29) size 4x15
        text run at (20,29) width 4: " "
      RenderInline {SPAN} at (0,0) size 74x15
        RenderText {#text} at (23,29) size 74x15
          text run at (23,29) width 74: "HAO, SCOTT"
        RenderBR {BR} at (96,41) size 1x0
        RenderText {#text} at (0,0) size 0x0
      RenderText {#text} at (0,0) size 0x0
    RenderText {#text} at (0,0) size 0x0
layer at (23,102) size 565x39
  RenderInline (relative positioned) {SPAN} at (0,0) size 565x39
    RenderText {#text} at (0,0) size 0x0
    RenderImage {IMG} at (0,22) size 20x20
    RenderText {#text} at (20,30) size 545x15
      text run at (20,30) width 4: " "
      text run at (23,30) width 55: "Address: "
      text run at (77,30) width 488: "ST. JUDE MEDICAL, 21700 OXNARD ST SUITE 800, WOODLAND HILLS CA Z/91367 "
    RenderBR {BR} at (564,42) size 1x0
    RenderImage {IMG} at (0,46) size 20x20
    RenderText {#text} at (20,54) size 388x15
      text run at (20,54) width 4: " "
      text run at (23,54) width 47: "Deliver: "
      text run at (69,54) width 96: "DEBI STANGEL, "
      text run at (164,54) width 110: "119 GLEN COURT, "
      text run at (273,54) width 135: "DANVILLE CA Z/94526"
layer at (23,186) size 20x15
  RenderInline (relative positioned) {SPAN} at (0,0) size 20x15
    RenderText {#text} at (0,0) size 0x0
    RenderImage {IMG} at (0,21) size 20x20
    RenderText {#text} at (0,0) size 0x0
layer at (28,212) size 516x62
  RenderTable {TABLE} at (0,0) size 516x62 [border: (1px outset #808080)]
    RenderTableSection {TBODY} at (1,1) size 514x60
      RenderTableRow {TR} at (0,2) size 514x23 [bgcolor=#E0E0E0]
        RenderTableCell {TD} at (2,2) size 95x23 [border: (1px inset #808080)] [r=0 c=0 rs=1 cs=1]
          RenderText {#text} at (2,2) size 36x19
            text run at (2,2) width 36: "Type"
        RenderTableCell {TD} at (99,2) size 44x23 [border: (1px inset #808080)] [r=0 c=1 rs=1 cs=1]
          RenderText {#text} at (2,2) size 28x19
            text run at (2,2) width 28: "City"
        RenderTableCell {TD} at (145,2) size 367x23 [border: (1px inset #808080)] [r=0 c=2 rs=1 cs=1]
          RenderText {#text} at (2,2) size 46x19
            text run at (2,2) width 46: "Phone"
      RenderTableRow {TR} at (0,27) size 514x0
      RenderTableRow {TR} at (0,29) size 514x23
        RenderTableCell {TD} at (2,29) size 95x23 [border: (1px inset #808080)] [r=2 c=0 rs=1 cs=1]
          RenderText {#text} at (2,2) size 91x19
            text run at (2,2) width 91: "Travel Agent"
        RenderTableCell {TD} at (99,29) size 44x23 [border: (1px inset #808080)] [r=2 c=1 rs=1 cs=1]
          RenderText {#text} at (2,2) size 40x19
            text run at (2,2) width 40: "(LAX)"
        RenderTableCell {TD} at (145,29) size 367x23 [border: (1px inset #808080)] [r=2 c=2 rs=1 cs=1]
          RenderText {#text} at (2,2) size 363x19
            text run at (2,2) width 363: "RQ0/818 990-4053-PLAZA TRAVEL - 05838276-RC"
      RenderTableRow {TR} at (0,54) size 514x0
      RenderTableRow {TR} at (0,56) size 514x0
      RenderTableRow {TR} at (0,58) size 514x0
