layer at (0,0) size 800x600
  RenderView at (0,0) size 800x600
layer at (0,0) size 800x600
  RenderBlock {HTML} at (0,0) size 800x600
    RenderBody {BODY} at (8,8) size 784x584
      RenderBlock {P} at (0,0) size 784x38
        RenderText {#text} at (0,0) size 780x38
          text run at (0,0) width 357: "This tests the use of xmacroman as content type. "
          text run at (356,0) width 424: "You should not see any \"garbage\" characters if xmacroman"
          text run at (0,19) width 90: "is supported"
      RenderBlock (anonymous) at (0,54) size 784x57
        RenderText {#text} at (0,0) size 93x19
          text run at (0,0) width 93: "apostrophe: \x{2019}"
        RenderBR {BR} at (92,15) size 1x0
        RenderText {#text} at (0,19) size 69x19
          text run at (0,19) width 69: "ellipsis: \x{2026}"
        RenderBR {BR} at (68,34) size 1x0
        RenderText {#text} at (0,38) size 83x19
          text run at (0,38) width 83: "em-dash: \x{2014}"
